
Welcome to React Native v0.79
Starting dev server on http://localhost:8081


                        ▒▒▓▓▓▓▒▒
                     ▒▓▓▓▒▒░░▒▒▓▓▓▒
                  ▒▓▓▓▓░░░▒▒▒▒░░░▓▓▓▓▒
                 ▓▓▒▒▒▓▓▓▓▓▓▓▓▓▓▓▓▒▒▒▓▓
                 ▓▓░░░░░▒▓▓▓▓▓▓▒░░░░░▓▓
                 ▓▓░░▓▓▒░░░▒▒░░░▒▓▒░░▓▓
                 ▓▓░░▓▓▓▓▓▒▒▒▒▓▓▓▓▒░░▓▓
                 ▓▓░░▓▓▓▓▓▓▓▓▓▓▓▓▓▒░░▓▓
                 ▓▓▒░░▒▒▓▓▓▓▓▓▓▓▒░░░▒▓▓
                  ▒▓▓▓▒░░░▒▓▓▒░░░▒▓▓▓▒
                     ▒▓▓▓▒░░░░▒▓▓▓▒
                        ▒▒▓▓▓▓▒▒


 WARN  the transform cache was reset.
                Welcome to Metro v0.82.4
              Fast - Scalable - Integrated


 INFO  Dev server ready. Press Ctrl+C to exit.
 INFO  Interactive mode is not supported in this environment
 INFO  Connection established to app='com.newapp' on device='SM-E225F - 13 - API 33'.
 BUNDLE  ./index.js ▓▓░░░░░░░░░░░░░░ 16.0% (7/35)
 BUNDLE  ./index.js ▓▓▓░░░░░░░░░░░░░ 19.2% (174/397)
 BUNDLE  ./index.js ▓▓▓▓▓▓▓▓▓░░░░░░░ 61.8% (603/776)
 BUNDLE  ./index.js ▓▓▓▓▓▓▓▓▓▓░░░░░░ 67.2% (790/992)
 BUNDLE  ./index.js ▓▓▓▓▓▓▓▓▓▓▓▓▓░░░ 82.0% (1147/1267)
 BUNDLE  ./index.js ▓▓▓▓▓▓▓▓▓▓▓▓▓▓▓░ 94.8% (1425/1466)
 BUNDLE  ./index.js 
 INFO  
[7m [1m💡 JavaScript logs have moved![22m They can now be viewed in React Native DevTools. Tip: Type [1mj[22m in the terminal to open (requires Google Chrome or Microsoft Edge).[27m

 INFO  Connection established to app='com.newapp' on device='SM-E225F - 13 - API 33'.
 INFO  Connection closed to device='SM-E225F - 13 - API 33' for app='com.newapp' with code='1006' and reason=''.
 BUNDLE  ./index.js 
 ERROR  Connection terminated with Device for app='com.newapp' on device='SM-E225F - 13 - API 33' with idle='true' after not responding for 60 seconds.
 INFO  Connection closed to device='SM-E225F - 13 - API 33' for app='com.newapp' with code='1006' and reason=''.
 INFO  Connection established to app='com.newapp' on device='SM-E225F - 13 - API 33'.
 BUNDLE  ./index.js 
 INFO  Connection closed to device='SM-E225F - 13 - API 33' for app='com.newapp' with code='1006' and reason=''.
 INFO  Connection established to app='com.newapp' on device='SM-E225F - 13 - API 33'.
 BUNDLE  ./index.js 
 ERROR  Connection terminated with Device for app='com.newapp' on device='SM-E225F - 13 - API 33' with idle='true' after not responding for 60 seconds.
