=================================================================================================
From React Native 0.73, your project's Metro config should extend '@react-native/metro-config'
or it will fail to build. Please copy the template at:
https://github.com/react-native-community/template/blob/main/template/metro.config.js
This warning will be removed in future (https://github.com/facebook/metro/issues/1018).
=================================================================================================

<--- Last few GCs --->

[22728:000001E87D0F1000]  2052354 ms: Mark-Compact 4050.3 (4137.6) -> 4038.5 (4141.6) MB, pooled: 0 MB, 5812.98 / 0.00 ms  (average mu = 0.581, current mu = 0.358) allocation failure; scavenge might not succeed
[22728:000001E87D0F1000]  2062324 ms: Mark-Compact 4054.7 (4142.1) -> 4042.9 (4146.1) MB, pooled: 0 MB, 7722.31 / 0.00 ms  (average mu = 0.429, current mu = 0.225) allocation failure; scavenge might not succeed


<--- JS stacktrace --->

FATAL ERROR: Reached heap limit Allocation failed - JavaScript heap out of memory
----- Native stack trace -----

 1: 00007FF6E6E020AD node::SetCppgcReference+17245
 2: 00007FF6E6D6A4D8 v8::base::CPU::num_virtual_address_bits+92376
 3: 00007FF6E78EA1B1 v8::Isolate::ReportExternalAllocationLimitReached+65
 4: 00007FF6E78D7096 v8::Function::Experimental_IsNopFunction+2790
 5: 00007FF6E7726920 v8::internal::StrongRootAllocatorBase::StrongRootAllocatorBase+31392
 6: 00007FF6E77239BA v8::internal::StrongRootAllocatorBase::StrongRootAllocatorBase+19258
 7: 00007FF6E7739251 v8::Isolate::GetHeapProfiler+7825
 8: 00007FF6E7739ACA v8::Isolate::GetHeapProfiler+9994
 9: 00007FF6E774A567 v8::Isolate::GetHeapProfiler+78247
10: 00007FF6E741348B v8::internal::Version::GetString+434795
11: 00007FF68796D8D0 
