JvmtiExport can_access_local_variables 0
JvmtiExport can_hotswap_or_post_breakpoint 0
JvmtiExport can_post_on_exceptions 0
# 455 ciObject found
instanceKlass com/android/tools/r8/graph/E2
ciMethodData com/android/tools/r8/internal/zz a (I)I 2 446338 orig 80 0 0 0 0 0 0 0 0 0 0 0 0 48 2 0 0 0 0 0 0 0 0 0 0 0 0 0 0 0 0 0 0 0 0 0 0 0 0 0 0 0 0 0 0 0 0 0 0 0 0 0 0 0 0 0 0 0 0 0 0 0 0 0 0 0 0 0 0 0 0 0 0 0 0 0 0 0 0 0 0 data 5 0x0 0x0 0x9 0x1 0x0 oops 0 methods 0
ciMethod com/android/tools/r8/graph/E <init> ()V 522 0 171805 0 96
ciMethod com/android/tools/r8/graph/E m0 ()I 0 0 1 0 -1
ciMethod com/android/tools/r8/graph/E c (Ljava/lang/Object;)Z 0 0 1 0 -1
ciMethod com/android/tools/r8/graph/E hashCode ()I 582 0 14837 0 640
ciMethod com/android/tools/r8/graph/E equals (Ljava/lang/Object;)Z 546 0 179827 0 128
ciMethod com/android/tools/r8/graph/E j (I)V 0 0 1 0 -1
ciMethod com/android/tools/r8/graph/n1 <init> ()V 534 0 572523 0 64
ciMethod com/android/tools/r8/graph/n1 a (Lcom/android/tools/r8/dex/X;[Lcom/android/tools/r8/graph/n1;)V 838 124 51318 0 352
ciMethod com/android/tools/r8/graph/n1 a (Lcom/android/tools/r8/dex/X;Lcom/android/tools/r8/graph/n1;)V 1024 0 12020 0 0
ciMethod com/android/tools/r8/graph/n1 a (Lcom/android/tools/r8/dex/X;)V 0 0 1 0 -1
ciMethod com/android/tools/r8/internal/vu a (Lcom/android/tools/r8/internal/vu;Ljava/lang/Object;)Z 4372 0 9040 0 0
ciMethod com/android/tools/r8/internal/vu isEqualTo (Ljava/lang/Object;)Z 0 0 1 0 -1
ciMethod com/android/tools/r8/internal/n30 compareTo (Lcom/android/tools/r8/internal/n30;)I 0 0 1 0 -1
ciMethod com/android/tools/r8/internal/n30 a (Lcom/android/tools/r8/internal/n30;)Z 554 0 3644 0 0
ciMethod com/android/tools/r8/internal/n30 d (Lcom/android/tools/r8/internal/n30;)Z 2056 0 12007 0 0
ciMethod com/android/tools/r8/internal/n30 isEqualTo (Ljava/lang/Object;)Z 512 0 3644 0 0
ciMethod com/android/tools/r8/internal/mp0 E ()Lcom/android/tools/r8/internal/mp0; 0 0 1 0 -1
ciMethod com/android/tools/r8/internal/mp0 a (Lcom/android/tools/r8/internal/mp0;)I 7728 0 32748 0 416
ciMethod com/android/tools/r8/internal/mp0 a (Lcom/android/tools/r8/internal/mp0;Lcom/android/tools/r8/internal/Me;)I 4194 0 17868 0 -1
ciMethod com/android/tools/r8/internal/mp0 compareTo (Lcom/android/tools/r8/internal/n30;)I 1024 0 6670 0 0
ciMethod com/android/tools/r8/graph/J2 m0 ()I 800 0 4201 0 0
ciMethod com/android/tools/r8/graph/J2 c (Ljava/lang/Object;)Z 1024 0 13126 0 448
ciMethod com/android/tools/r8/utils/w$g b ()Z 1588 0 10541 0 0
ciMethod com/android/tools/r8/internal/B2 compareTo (Lcom/android/tools/r8/internal/n30;)I 2480 0 5650 0 0
ciMethod com/android/tools/r8/graph/I2 m0 ()I 578 0 11567 0 544
ciMethod com/android/tools/r8/graph/I2 c (Ljava/lang/Object;)Z 942 0 6681 0 416
ciMethod com/android/tools/r8/internal/Me <init> ()V 1026 0 12618 0 0
ciMethod com/android/tools/r8/internal/Re <init> (Lcom/android/tools/r8/internal/ee0;)V 1024 0 5214 0 0
ciMethod com/android/tools/r8/internal/Oe <init> ()V 1024 0 12619 0 0
ciMethod com/android/tools/r8/graph/b1 m0 ()Lcom/android/tools/r8/graph/u0; 448 0 224 0 0
ciMethod com/android/tools/r8/graph/E2 a (Lcom/android/tools/r8/dex/X;Lcom/android/tools/r8/graph/j1;)V 1024 0 24177 0 -1
ciMethod com/android/tools/r8/internal/Jb0 containsKey (Ljava/lang/Object;)Z 564 920 1745 0 0
ciMethod com/android/tools/r8/internal/Jb0 f (I)V 0 0 10 0 0
ciMethod com/android/tools/r8/internal/Jb0 b (ILjava/lang/Object;)I 710 0 37662 0 0
ciMethod com/android/tools/r8/internal/zz a (I)I 594 0 446338 0 96
ciMethod com/android/tools/r8/internal/zz b (J)J 512 0 11013 0 -1
ciMethod com/android/tools/r8/internal/zz b (IF)I 512 0 7344 0 -1
ciMethod com/android/tools/r8/internal/zz a (IF)I 454 0 11013 0 320
ciMethodData com/android/tools/r8/graph/E hashCode ()I 2 14837 orig 80 0 0 0 0 0 0 0 0 0 0 0 0 48 2 0 0 0 0 0 0 0 0 0 0 0 0 0 0 0 0 0 0 0 0 0 0 0 0 0 0 0 0 0 0 0 0 0 0 0 0 0 0 0 0 0 0 0 0 0 0 0 0 0 0 0 0 0 0 0 0 0 0 0 0 0 0 0 0 0 0 data 35 0x70007 0x9bb 0x78 0x2f17 0xb0005 0x1c5 0x0 0x230ff7e25d0 0x2c5b 0x2308c372f40 0xf7 0x110007 0x2f17 0x20 0x0 0x1e0007 0x38d2 0x58 0x0 0x230005 0x0 0x0 0x0 0x0 0x0 0x0 0x0 0x0 0x0 0x0 0x0 0x0 0x9 0x1 0xffffffffffffffff oops 2